app/(app)/dashboard.tsx(13,11): error TS2769: No overload matches this call.
  Overload 1 of 2, '(props: ViewProps): View', gave the following error.
    Type '{ children: Element[]; className: string; }' is not assignable to type 'IntrinsicAttributes & IntrinsicClassAttributes<View> & Readonly<ViewProps>'.
      Property 'className' does not exist on type 'IntrinsicAttributes & IntrinsicClassAttributes<View> & Readonly<ViewProps>'.
  Overload 2 of 2, '(props: ViewProps, context: any): View', gave the following error.
    Type '{ children: Element[]; className: string; }' is not assignable to type 'IntrinsicAttributes & IntrinsicClassAttributes<View> & Readonly<ViewProps>'.
      Property 'className' does not exist on type 'IntrinsicAttributes & IntrinsicClassAttributes<View> & Readonly<ViewProps>'.
app/(app)/dashboard.tsx(14,13): error TS2769: No overload matches this call.
  Overload 1 of 2, '(props: TextProps): Text', gave the following error.
    Type '{ children: string; className: string; }' is not assignable to type 'IntrinsicAttributes & IntrinsicClassAttributes<Text> & Readonly<TextProps>'.
      Property 'className' does not exist on type 'IntrinsicAttributes & IntrinsicClassAttributes<Text> & Readonly<TextProps>'.
  Overload 2 of 2, '(props: TextProps, context: any): Text', gave the following error.
    Type '{ children: string; className: string; }' is not assignable to type 'IntrinsicAttributes & IntrinsicClassAttributes<Text> & Readonly<TextProps>'.
      Property 'className' does not exist on type 'IntrinsicAttributes & IntrinsicClassAttributes<Text> & Readonly<TextProps>'.
app/(app)/dashboard.tsx(15,25): error TS2322: Type '{ children: Element; className: string; onPress: () => Promise<void>; }' is not assignable to type 'IntrinsicAttributes & TouchableOpacityProps & RefAttributes<View>'.
  Property 'className' does not exist on type 'IntrinsicAttributes & TouchableOpacityProps & RefAttributes<View>'.
app/(app)/dashboard.tsx(16,15): error TS2769: No overload matches this call.
  Overload 1 of 2, '(props: TextProps): Text', gave the following error.
    Type '{ children: string; className: string; }' is not assignable to type 'IntrinsicAttributes & IntrinsicClassAttributes<Text> & Readonly<TextProps>'.
      Property 'className' does not exist on type 'IntrinsicAttributes & IntrinsicClassAttributes<Text> & Readonly<TextProps>'.
  Overload 2 of 2, '(props: TextProps, context: any): Text', gave the following error.
    Type '{ children: string; className: string; }' is not assignable to type 'IntrinsicAttributes & IntrinsicClassAttributes<Text> & Readonly<TextProps>'.
      Property 'className' does not exist on type 'IntrinsicAttributes & IntrinsicClassAttributes<Text> & Readonly<TextProps>'.
app/(auth)/login.tsx(21,11): error TS2769: No overload matches this call.
  Overload 1 of 2, '(props: ViewProps): View', gave the following error.
    Type '{ children: Element[]; className: string; }' is not assignable to type 'IntrinsicAttributes & IntrinsicClassAttributes<View> & Readonly<ViewProps>'.
      Property 'className' does not exist on type 'IntrinsicAttributes & IntrinsicClassAttributes<View> & Readonly<ViewProps>'.
  Overload 2 of 2, '(props: ViewProps, context: any): View', gave the following error.
    Type '{ children: Element[]; className: string; }' is not assignable to type 'IntrinsicAttributes & IntrinsicClassAttributes<View> & Readonly<ViewProps>'.
      Property 'className' does not exist on type 'IntrinsicAttributes & IntrinsicClassAttributes<View> & Readonly<ViewProps>'.
app/(auth)/login.tsx(22,13): error TS2769: No overload matches this call.
  Overload 1 of 2, '(props: TextProps): Text', gave the following error.
    Type '{ children: string; className: string; }' is not assignable to type 'IntrinsicAttributes & IntrinsicClassAttributes<Text> & Readonly<TextProps>'.
      Property 'className' does not exist on type 'IntrinsicAttributes & IntrinsicClassAttributes<Text> & Readonly<TextProps>'.
  Overload 2 of 2, '(props: TextProps, context: any): Text', gave the following error.
    Type '{ children: string; className: string; }' is not assignable to type 'IntrinsicAttributes & IntrinsicClassAttributes<Text> & Readonly<TextProps>'.
      Property 'className' does not exist on type 'IntrinsicAttributes & IntrinsicClassAttributes<Text> & Readonly<TextProps>'.
app/(auth)/login.tsx(24,9): error TS2769: No overload matches this call.
  Overload 1 of 2, '(props: TextInputProps): TextInput', gave the following error.
    Type '{ className: string; placeholder: string; value: string; onChangeText: Dispatch<SetStateAction<string>>; autoCapitalize: "none"; }' is not assignable to type 'IntrinsicAttributes & IntrinsicClassAttributes<TextInput> & Readonly<TextInputProps>'.
      Property 'className' does not exist on type 'IntrinsicAttributes & IntrinsicClassAttributes<TextInput> & Readonly<TextInputProps>'.
  Overload 2 of 2, '(props: TextInputProps, context: any): TextInput', gave the following error.
    Type '{ className: string; placeholder: string; value: string; onChangeText: Dispatch<SetStateAction<string>>; autoCapitalize: "none"; }' is not assignable to type 'IntrinsicAttributes & IntrinsicClassAttributes<TextInput> & Readonly<TextInputProps>'.
      Property 'className' does not exist on type 'IntrinsicAttributes & IntrinsicClassAttributes<TextInput> & Readonly<TextInputProps>'.
app/(auth)/login.tsx(31,9): error TS2769: No overload matches this call.
  Overload 1 of 2, '(props: TextInputProps): TextInput', gave the following error.
    Type '{ className: string; placeholder: string; value: string; onChangeText: Dispatch<SetStateAction<string>>; secureTextEntry: true; }' is not assignable to type 'IntrinsicAttributes & IntrinsicClassAttributes<TextInput> & Readonly<TextInputProps>'.
      Property 'className' does not exist on type 'IntrinsicAttributes & IntrinsicClassAttributes<TextInput> & Readonly<TextInputProps>'.
  Overload 2 of 2, '(props: TextInputProps, context: any): TextInput', gave the following error.
    Type '{ className: string; placeholder: string; value: string; onChangeText: Dispatch<SetStateAction<string>>; secureTextEntry: true; }' is not assignable to type 'IntrinsicAttributes & IntrinsicClassAttributes<TextInput> & Readonly<TextInputProps>'.
      Property 'className' does not exist on type 'IntrinsicAttributes & IntrinsicClassAttributes<TextInput> & Readonly<TextInputProps>'.
app/(auth)/login.tsx(37,25): error TS2322: Type '{ children: Element; className: string; onPress: () => Promise<void>; }' is not assignable to type 'IntrinsicAttributes & TouchableOpacityProps & RefAttributes<View>'.
  Property 'className' does not exist on type 'IntrinsicAttributes & TouchableOpacityProps & RefAttributes<View>'.
app/(auth)/login.tsx(38,15): error TS2769: No overload matches this call.
  Overload 1 of 2, '(props: TextProps): Text', gave the following error.
    Type '{ children: string; className: string; }' is not assignable to type 'IntrinsicAttributes & IntrinsicClassAttributes<Text> & Readonly<TextProps>'.
      Property 'className' does not exist on type 'IntrinsicAttributes & IntrinsicClassAttributes<Text> & Readonly<TextProps>'.
  Overload 2 of 2, '(props: TextProps, context: any): Text', gave the following error.
    Type '{ children: string; className: string; }' is not assignable to type 'IntrinsicAttributes & IntrinsicClassAttributes<Text> & Readonly<TextProps>'.
      Property 'className' does not exist on type 'IntrinsicAttributes & IntrinsicClassAttributes<Text> & Readonly<TextProps>'.
app/(auth)/sign-up.tsx(21,11): error TS2769: No overload matches this call.
  Overload 1 of 2, '(props: ViewProps): View', gave the following error.
    Type '{ children: Element[]; className: string; }' is not assignable to type 'IntrinsicAttributes & IntrinsicClassAttributes<View> & Readonly<ViewProps>'.
      Property 'className' does not exist on type 'IntrinsicAttributes & IntrinsicClassAttributes<View> & Readonly<ViewProps>'.
  Overload 2 of 2, '(props: ViewProps, context: any): View', gave the following error.
    Type '{ children: Element[]; className: string; }' is not assignable to type 'IntrinsicAttributes & IntrinsicClassAttributes<View> & Readonly<ViewProps>'.
      Property 'className' does not exist on type 'IntrinsicAttributes & IntrinsicClassAttributes<View> & Readonly<ViewProps>'.
app/(auth)/sign-up.tsx(22,13): error TS2769: No overload matches this call.
  Overload 1 of 2, '(props: TextProps): Text', gave the following error.
    Type '{ children: string; className: string; }' is not assignable to type 'IntrinsicAttributes & IntrinsicClassAttributes<Text> & Readonly<TextProps>'.
      Property 'className' does not exist on type 'IntrinsicAttributes & IntrinsicClassAttributes<Text> & Readonly<TextProps>'.
  Overload 2 of 2, '(props: TextProps, context: any): Text', gave the following error.
    Type '{ children: string; className: string; }' is not assignable to type 'IntrinsicAttributes & IntrinsicClassAttributes<Text> & Readonly<TextProps>'.
      Property 'className' does not exist on type 'IntrinsicAttributes & IntrinsicClassAttributes<Text> & Readonly<TextProps>'.
app/(auth)/sign-up.tsx(24,9): error TS2769: No overload matches this call.
  Overload 1 of 2, '(props: TextInputProps): TextInput', gave the following error.
    Type '{ className: string; placeholder: string; value: string; onChangeText: Dispatch<SetStateAction<string>>; autoCapitalize: "none"; }' is not assignable to type 'IntrinsicAttributes & IntrinsicClassAttributes<TextInput> & Readonly<TextInputProps>'.
      Property 'className' does not exist on type 'IntrinsicAttributes & IntrinsicClassAttributes<TextInput> & Readonly<TextInputProps>'.
  Overload 2 of 2, '(props: TextInputProps, context: any): TextInput', gave the following error.
    Type '{ className: string; placeholder: string; value: string; onChangeText: Dispatch<SetStateAction<string>>; autoCapitalize: "none"; }' is not assignable to type 'IntrinsicAttributes & IntrinsicClassAttributes<TextInput> & Readonly<TextInputProps>'.
      Property 'className' does not exist on type 'IntrinsicAttributes & IntrinsicClassAttributes<TextInput> & Readonly<TextInputProps>'.
app/(auth)/sign-up.tsx(31,9): error TS2769: No overload matches this call.
  Overload 1 of 2, '(props: TextInputProps): TextInput', gave the following error.
    Type '{ className: string; placeholder: string; value: string; onChangeText: Dispatch<SetStateAction<string>>; secureTextEntry: true; }' is not assignable to type 'IntrinsicAttributes & IntrinsicClassAttributes<TextInput> & Readonly<TextInputProps>'.
      Property 'className' does not exist on type 'IntrinsicAttributes & IntrinsicClassAttributes<TextInput> & Readonly<TextInputProps>'.
  Overload 2 of 2, '(props: TextInputProps, context: any): TextInput', gave the following error.
    Type '{ className: string; placeholder: string; value: string; onChangeText: Dispatch<SetStateAction<string>>; secureTextEntry: true; }' is not assignable to type 'IntrinsicAttributes & IntrinsicClassAttributes<TextInput> & Readonly<TextInputProps>'.
      Property 'className' does not exist on type 'IntrinsicAttributes & IntrinsicClassAttributes<TextInput> & Readonly<TextInputProps>'.
app/(auth)/sign-up.tsx(37,25): error TS2322: Type '{ children: Element; className: string; onPress: () => Promise<void>; }' is not assignable to type 'IntrinsicAttributes & TouchableOpacityProps & RefAttributes<View>'.
  Property 'className' does not exist on type 'IntrinsicAttributes & TouchableOpacityProps & RefAttributes<View>'.
app/(auth)/sign-up.tsx(38,15): error TS2769: No overload matches this call.
  Overload 1 of 2, '(props: TextProps): Text', gave the following error.
    Type '{ children: string; className: string; }' is not assignable to type 'IntrinsicAttributes & IntrinsicClassAttributes<Text> & Readonly<TextProps>'.
      Property 'className' does not exist on type 'IntrinsicAttributes & IntrinsicClassAttributes<Text> & Readonly<TextProps>'.
  Overload 2 of 2, '(props: TextProps, context: any): Text', gave the following error.
    Type '{ children: string; className: string; }' is not assignable to type 'IntrinsicAttributes & IntrinsicClassAttributes<Text> & Readonly<TextProps>'.
      Property 'className' does not exist on type 'IntrinsicAttributes & IntrinsicClassAttributes<Text> & Readonly<TextProps>'.
app/index.tsx(10,13): error TS2769: No overload matches this call.
  Overload 1 of 2, '(props: ViewProps): View', gave the following error.
    Type '{ children: Element; className: string; }' is not assignable to type 'IntrinsicAttributes & IntrinsicClassAttributes<View> & Readonly<ViewProps>'.
      Property 'className' does not exist on type 'IntrinsicAttributes & IntrinsicClassAttributes<View> & Readonly<ViewProps>'.
  Overload 2 of 2, '(props: ViewProps, context: any): View', gave the following error.
    Type '{ children: Element; className: string; }' is not assignable to type 'IntrinsicAttributes & IntrinsicClassAttributes<View> & Readonly<ViewProps>'.
      Property 'className' does not exist on type 'IntrinsicAttributes & IntrinsicClassAttributes<View> & Readonly<ViewProps>'.
components/ExternalLink.tsx(13,7): error TS2578: Unused '@ts-expect-error' directive.
